core_cm3.h:1600:22:__NVIC_ClearPendingIRQ	16	static
main.c:125:6:param	16	static
main.c:267:6:capacit2	16	static
main.c:309:6:currMeasurment	16	static
main.c:338:5:main	16	static
main.c:487:6:SystemClock_Config	88	static
main.c:532:13:MX_ADC1_Init	24	static
main.c:590:13:MX_SPI1_Init	8	static
main.c:628:13:MX_TIM3_Init	32	static
main.c:673:13:MX_USART3_UART_Init	8	static
main.c:704:13:MX_DMA_Init	16	static
main.c:722:13:MX_GPIO_Init	40	static
main.c:793:6:testInt	4	static
main.c:800:6:HAL_GPIO_EXTI_Callback	16	static
main.c:819:6:HAL_TIM_PeriodElapsedCallback	16	static
main.c:835:6:HAL_ADC_ConvCpltCallback	32	static
main.c:873:6:saveVariablesToFlash	40	static
main.c:892:6:getVariablesFromFlash	4	static
main.c:908:6:Error_Handler	4	static
