ssd1306.c:24:6:ssd1306_Reset	8	static
ssd1306.c:36:6:ssd1306_WriteCommand	16	static
ssd1306.c:44:6:ssd1306_WriteData	16	static
ssd1306.c:63:17:ssd1306_FillBuffer	24	static
ssd1306.c:73:6:ssd1306_Init	8	static
ssd1306.c:175:6:ssd1306_Fill	24	static
ssd1306.c:184:6:ssd1306_UpdateScreen	16	static
ssd1306.c:205:6:ssd1306_DrawPixel	16	static
ssd1306.c:225:6:ssd1306_WriteChar	48	static
ssd1306.c:260:6:ssd1306_WriteString	24	static
ssd1306.c:274:6:ssd1306_SetCursor	16	static
ssd1306.c:280:6:ssd1306_Line	48	static
ssd1306.c:307:6:ssd1306_Polyline	40	static
ssd1306.c:321:14:ssd1306_DegToRad	24	static
ssd1306.c:326:17:ssd1306_NormalizeTo0_360	24	static
ssd1306.c:342:6:ssd1306_DrawArc	56	static
ssd1306.c:382:6:ssd1306_DrawArcWithRadiusLine	64	static
ssd1306.c:425:6:ssd1306_DrawCircle	40	static
ssd1306.c:460:6:ssd1306_FillCircle	48	static
ssd1306.c:496:6:ssd1306_DrawRectangle	32	static
ssd1306.c:506:6:ssd1306_FillRectangle	32	static
ssd1306.c:521:6:ssd1306_DrawBitmap	24	static
ssd1306.c:545:6:ssd1306_SetContrast	24	static
ssd1306.c:552:6:ssd1306_SetDisplayOn	24	static
ssd1306.c:564:9:ssd1306_GetDisplayOn	4	static
